** Drc report for esp32_baseboard.kicad_pcb **
** Created on 2026-08-26T14:12:51 **
** Report includes: Errors, Warnings **

** Found 194 DRC violations **
[tracks_crossing]: Tracks crossing
    Local override; error
    @(68.3000 mm, 139.3500 mm): Track [GND] on B.Cu, length 52.6200 mm
    @(64.3000 mm, 89.2700 mm): Track [+5V] on B.Cu, length 6.0000 mm
[shorting_items]: Items shorting two nets (nets +12V and GND)
    Local override; error
    @(57.3000 mm, 82.9000 mm): Via [+12V] on F.Cu - B.Cu
    @(58.0000 mm, 82.4600 mm): Track [GND] on B.Cu, length 55.0000 mm
[shorting_items]: Items shorting two nets (nets GND and +12V)
    Local override; error
    @(89.7000 mm, 86.7300 mm): PTH pad 2 [GND] of U2
    @(89.7000 mm, 78.0000 mm): Track [+12V] on B.Cu, length 11.2700 mm
[tracks_crossing]: Tracks crossing
    Local override; error
    @(127.3800 mm, 40.5000 mm): Track [/MotB2] on F.Cu, length 77.3800 mm
    @(127.3800 mm, 123.7300 mm): Track [/MotB1] on F.Cu, length 84.7300 mm
[shorting_items]: Items shorting two nets (nets +12V and GND)
    Local override; error
    @(57.3000 mm, 82.9000 mm): Via [+12V] on F.Cu - B.Cu
    @(58.0000 mm, 82.4600 mm): Track [GND] on B.Cu, length 29.6000 mm
[tracks_crossing]: Tracks crossing
    Local override; error
    @(74.0000 mm, 41.5000 mm): Track [/IO34] on F.Cu, length 9.0000 mm
    @(83.0000 mm, 40.0000 mm): Track [/IO33] on F.Cu, length 9.6200 mm
[shorting_items]: Items shorting two nets (nets +12V and GND)
    Local override; error
    @(57.3000 mm, 82.9000 mm): Via [+12V] on F.Cu - B.Cu
    @(58.0000 mm, 82.4600 mm): Track [GND] on B.Cu, length 0.0000 mm
[tracks_crossing]: Tracks crossing
    Local override; error
    @(83.0000 mm, 43.0000 mm): Track [/IO35] on F.Cu, length 11.7000 mm
    @(83.0000 mm, 39.5000 mm): Track [/IO32] on F.Cu, length 7.5800 mm
[shorting_items]: Items shorting two nets (nets GND and +12V)
    Local override; error
    @(58.0000 mm, 139.3500 mm): Track [GND] on B.Cu, length 56.8900 mm
    @(57.3000 mm, 82.9000 mm): Via [+12V] on F.Cu - B.Cu
[tracks_crossing]: Tracks crossing
    Local override; error
    @(127.3800 mm, 78.0000 mm): Track [+12V] on B.Cu, length 55.8900 mm
    @(127.3800 mm, 139.3500 mm): Track [GND] on B.Cu, length 8.0000 mm
[tracks_crossing]: Tracks crossing
    Local override; error
    @(75.0000 mm, 59.6000 mm): Track [/IO35] on F.Cu, length 16.6000 mm
    @(87.6000 mm, 57.0600 mm): Track [/IO34] on F.Cu, length 13.6000 mm
[tracks_crossing]: Tracks crossing
    Local override; error
    @(83.0000 mm, 41.5000 mm): Track [/IO34] on F.Cu, length 10.6600 mm
    @(83.0000 mm, 40.0000 mm): Track [/IO33] on F.Cu, length 9.6200 mm
[tracks_crossing]: Tracks crossing
    Local override; error
    @(147.0000 mm, 72.3000 mm): Track [/EN_TMC] on B.Cu, length 61.5900 mm
    @(151.0000 mm, 118.6500 mm): Track [/STEP] on B.Cu, length 8.3800 mm
[tracks_crossing]: Tracks crossing
    Local override; error
    @(74.0000 mm, 41.5000 mm): Track [/IO34] on F.Cu, length 9.0000 mm
    @(83.0000 mm, 39.5000 mm): Track [/IO32] on F.Cu, length 7.5800 mm
[tracks_crossing]: Tracks crossing
    Local override; error
    @(127.3800 mm, 40.5000 mm): Track [/MotB2] on F.Cu, length 77.3800 mm
    @(72.0000 mm, 62.1400 mm): Track [/IO32] on F.Cu, length 22.6400 mm
[shorting_items]: Items shorting two nets (nets /MotA1 and /MotB1)
    Local override; error
    @(50.0000 mm, 44.5400 mm): PTH pad 2 [/MotA1] of J2
    @(50.0000 mm, 39.0000 mm): Track [/MotB1] on F.Cu, length 8.0800 mm
[tracks_crossing]: Tracks crossing
    Local override; error
    @(75.0000 mm, 43.0000 mm): Track [/IO35] on F.Cu, length 8.0000 mm
    @(83.0000 mm, 39.5000 mm): Track [/IO32] on F.Cu, length 7.5800 mm
[tracks_crossing]: Tracks crossing
    Local override; error
    @(113.0000 mm, 40.5000 mm): Track [GND] on F.Cu, length 30.0000 mm
    @(83.0000 mm, 39.5000 mm): Track [/IO32] on F.Cu, length 7.5800 mm
[tracks_crossing]: Tracks crossing
    Local override; error
    @(87.6000 mm, 62.1400 mm): Track [/IO32] on F.Cu, length 15.6000 mm
    @(73.0000 mm, 64.6800 mm): Track [/IO33] on F.Cu, length 24.6800 mm
[tracks_crossing]: Tracks crossing
    Local override; error
    @(149.0000 mm, 116.1100 mm): Track [/DIR] on B.Cu, length 6.3800 mm
    @(147.0000 mm, 72.3000 mm): Track [/EN_TMC] on B.Cu, length 61.5900 mm
[clearance]: Clearance violation ( clearance 0.2000 mm; actual 0.1500 mm)
    Local override; error
    @(72.0000 mm, 39.5000 mm): Track [/IO32] on F.Cu, length 11.0000 mm
    @(83.0000 mm, 40.0000 mm): Track [/IO33] on F.Cu, length 9.6200 mm
[tracks_crossing]: Tracks crossing
    Local override; error
    @(73.0000 mm, 40.0000 mm): Track [/IO33] on F.Cu, length 10.0000 mm
    @(83.0000 mm, 38.0000 mm): Track [+3V3] on F.Cu, length 6.5400 mm
[shorting_items]: Items shorting two nets (nets GND and )
    Local override; error
    @(113.0000 mm, 82.4600 mm): Track [GND] on F.Cu, length 41.9600 mm
    @(113.0000 mm, 64.6800 mm): PTH pad 9 [<no net>] of U1
[tracks_crossing]: Tracks crossing
    Local override; error
    @(83.0000 mm, 39.5000 mm): Track [/IO32] on F.Cu, length 7.5800 mm
    @(83.0000 mm, 40.5000 mm): Track [GND] on F.Cu, length 1.5000 mm
[shorting_items]: Items shorting two nets (nets /DIR and )
    Local override; error
    @(87.6000 mm, 69.7600 mm): Track [/DIR] on B.Cu, length 61.4000 mm
    @(113.0000 mm, 69.7600 mm): PTH pad 7 [<no net>] of U1
[shorting_items]: Items shorting two nets (nets /STEP and )
    Local override; error
    @(87.6000 mm, 67.2200 mm): Track [/STEP] on B.Cu, length 63.4000 mm
    @(113.0000 mm, 67.2200 mm): PTH pad 8 [<no net>] of U1
[shorting_items]: Items shorting two nets (nets /MotA1 and /MotB2)
    Local override; error
    @(50.0000 mm, 44.5400 mm): PTH pad 2 [/MotA1] of J2
    @(50.0000 mm, 40.5000 mm): Track [/MotB2] on F.Cu, length 9.1200 mm
[tracks_crossing]: Tracks crossing
    Local override; error
    @(127.3800 mm, 121.1900 mm): Track [/MotB2] on F.Cu, length 80.6900 mm
    @(127.3800 mm, 128.8100 mm): Track [/MotA2] on F.Cu, length 92.8100 mm
[tracks_crossing]: Tracks crossing
    Local override; error
    @(50.0000 mm, 37.5000 mm): Track [/MotA1] on F.Cu, length 7.0400 mm
    @(50.0000 mm, 39.0000 mm): Track [/MotB1] on F.Cu, length 8.0800 mm
[shorting_items]: Items shorting two nets (nets /EN_TMC and )
    Local override; error
    @(87.6000 mm, 72.3000 mm): Track [/EN_TMC] on B.Cu, length 59.4000 mm
    @(113.0000 mm, 72.3000 mm): PTH pad 6 [<no net>] of U1
[tracks_crossing]: Tracks crossing
    Local override; error
    @(50.0000 mm, 37.5000 mm): Track [/MotA1] on F.Cu, length 7.0400 mm
    @(50.0000 mm, 36.0000 mm): Track [/MotA2] on F.Cu, length 6.0000 mm
[tracks_crossing]: Tracks crossing
    Local override; error
    @(127.3800 mm, 40.5000 mm): Track [/MotB2] on F.Cu, length 77.3800 mm
    @(127.3800 mm, 126.2700 mm): Track [/MotA1] on F.Cu, length 88.7700 mm
[shorting_items]: Items shorting two nets (nets /MotA1 and +3V3)
    Local override; error
    @(127.3800 mm, 37.5000 mm): Track [/MotA1] on F.Cu, length 77.3800 mm
    @(113.0000 mm, 38.0000 mm): Track [+3V3] on F.Cu, length 30.0000 mm
[shorting_items]: Items shorting two nets (nets /MotB1 and /IO32)
    Local override; error
    @(127.3800 mm, 39.0000 mm): Track [/MotB1] on F.Cu, length 77.3800 mm
    @(72.0000 mm, 62.1400 mm): Track [/IO32] on F.Cu, length 22.6400 mm
[shorting_items]: Items shorting two nets (nets GND and /MotA2)
    Local override; error
    @(127.3800 mm, 116.1100 mm): PTH pad 16 [GND] of U3
    @(127.3800 mm, 128.8100 mm): Track [/MotA2] on F.Cu, length 92.8100 mm
[tracks_crossing]: Tracks crossing
    Local override; error
    @(113.0000 mm, 85.0000 mm): Track [+3V3] on F.Cu, length 47.0000 mm
    @(113.0000 mm, 82.4600 mm): Track [GND] on F.Cu, length 41.9600 mm
[tracks_crossing]: Tracks crossing
    Local override; error
    @(83.0000 mm, 41.5000 mm): Track [/IO34] on F.Cu, length 10.6600 mm
    @(83.0000 mm, 38.0000 mm): Track [+3V3] on F.Cu, length 6.5400 mm
[clearance]: Clearance violation ( clearance 0.2500 mm; actual 0.1500 mm)
    Local override; error
    @(127.3800 mm, 40.5000 mm): Track [/MotB2] on F.Cu, length 77.3800 mm
    @(50.0000 mm, 42.0000 mm): PTH pad 1 [/MotA2] of J2
[tracks_crossing]: Tracks crossing
    Local override; error
    @(127.3800 mm, 78.0000 mm): Track [+12V] on B.Cu, length 55.8900 mm
    @(113.0000 mm, 118.6500 mm): Track [+3V3] on B.Cu, length 14.3800 mm
[tracks_crossing]: Tracks crossing
    Local override; error
    @(113.0000 mm, 118.6500 mm): Track [+3V3] on B.Cu, length 14.3800 mm
    @(127.3800 mm, 116.1100 mm): Track [GND] on B.Cu, length 23.2400 mm
[shorting_items]: Items shorting two nets (nets +5V and +12V)
    Local override; error
    @(70.3000 mm, 89.2700 mm): Track [+5V] on B.Cu, length 10.2700 mm
    @(55.5000 mm, 78.0000 mm): Track [+12V] on B.Cu, length 71.8800 mm
[shorting_items]: Items shorting two nets (nets +5V and +12V)
    Local override; error
    @(70.3000 mm, 89.2700 mm): Track [+5V] on B.Cu, length 10.2700 mm
    @(55.5000 mm, 78.0000 mm): Track [+12V] on B.Cu, length 34.2000 mm
[clearance]: Clearance violation ( clearance 0.2500 mm; actual 0.1300 mm)
    Local override; error
    @(85.7000 mm, 86.7300 mm): Track [GND] on B.Cu, length 4.0000 mm
    @(87.6000 mm, 85.0000 mm): PTH pad 16 [+5V] of U1
[shorting_items]: Items shorting two nets (nets /IO34 and GND)
    Local override; error
    @(83.0000 mm, 41.5000 mm): Track [/IO34] on F.Cu, length 10.6600 mm
    @(83.0000 mm, 42.0000 mm): PTH pad 1 [GND] of J3
[courtyards_overlap]: Courtyards overlap
    Rule: board setup constraints courtyard; error
    @(113.0000 mm, 85.0000 mm): Footprint U1
    @(77.0000 mm, 88.0000 mm): Footprint U2
[pth_inside_courtyard]: PTH inside courtyard
    Local override; error
    @(89.7000 mm, 89.2700 mm): PTH pad 1 [+12V] of U2
    @(113.0000 mm, 85.0000 mm): Footprint U1
[pth_inside_courtyard]: PTH inside courtyard
    Local override; error
    @(89.7000 mm, 86.7300 mm): PTH pad 2 [GND] of U2
    @(113.0000 mm, 85.0000 mm): Footprint U1
[pth_inside_courtyard]: PTH inside courtyard
    Local override; error
    @(87.6000 mm, 85.0000 mm): PTH pad 16 [+5V] of U1
    @(77.0000 mm, 88.0000 mm): Footprint U2
[pth_inside_courtyard]: PTH inside courtyard
    Local override; error
    @(87.6000 mm, 82.4600 mm): PTH pad 17 [GND] of U1
    @(77.0000 mm, 88.0000 mm): Footprint U2
[pth_inside_courtyard]: PTH inside courtyard
    Local override; error
    @(87.6000 mm, 79.9200 mm): PTH pad 18 [<no net>] of U1
    @(77.0000 mm, 88.0000 mm): Footprint U2
[copper_edge_clearance]: Board edge clearance violation (board setup constraints edge clearance 0.5000 mm; actual 0.3500 mm)
    Rule: board setup constraints edge; error
    @(35.0000 mm, 30.0000 mm): Rectangle on Edge.Cuts
    @(35.9000 mm, 88.0000 mm): Via [GND] on F.Cu - B.Cu
[copper_edge_clearance]: Board edge clearance violation (board setup constraints edge clearance 0.5000 mm; actual 0.4000 mm)
    Rule: board setup constraints edge; error
    @(35.0000 mm, 30.0000 mm): Rectangle on Edge.Cuts
    @(44.5000 mm, 88.0000 mm): Track [GND] on B.Cu, length 8.6000 mm
[copper_edge_clearance]: Board edge clearance violation (board setup constraints edge clearance 0.5000 mm; actual 0.3500 mm)
    Rule: board setup constraints edge; error
    @(35.0000 mm, 30.0000 mm): Rectangle on Edge.Cuts
    @(34.1000 mm, 88.0000 mm): Via [GND] on F.Cu - B.Cu
[copper_edge_clearance]: Board edge clearance violation (board setup constraints edge clearance 0.5000 mm; actual 0.0000 mm)
    Rule: board setup constraints edge; error
    @(35.0000 mm, 30.0000 mm): Rectangle on Edge.Cuts
    @(44.5000 mm, 88.0000 mm): Track [GND] on B.Cu, length 10.4000 mm
[solder_mask_bridge]: Front solder mask aperture bridges items with different nets
    Rule: board setup solder mask min width; error
    @(113.0000 mm, 85.0000 mm): Track [+3V3] on F.Cu, length 47.0000 mm
    @(113.0000 mm, 82.4600 mm): PTH pad 2 [GND] of U1
[solder_mask_bridge]: Rear solder mask aperture bridges items with different nets
    Rule: board setup solder mask min width; error
    @(127.3800 mm, 139.3500 mm): Track [GND] on B.Cu, length 8.0000 mm
    @(127.3800 mm, 133.8900 mm): PTH pad 9 [+12V] of U3
[solder_mask_bridge]: Rear solder mask aperture bridges items with different nets
    Rule: board setup solder mask min width; error
    @(55.5000 mm, 78.0000 mm): Track [+12V] on B.Cu, length 34.2000 mm
    @(87.6000 mm, 77.3800 mm): PTH pad 19 [<no net>] of U1
[solder_mask_bridge]: Front solder mask aperture bridges items with different nets
    Rule: board setup solder mask min width; error
    @(83.0000 mm, 39.5000 mm): Track [/IO32] on F.Cu, length 7.5800 mm
    @(83.0000 mm, 42.0000 mm): PTH pad 1 [GND] of J3
[solder_mask_bridge]: Rear solder mask aperture bridges items with different nets
    Rule: board setup solder mask min width; error
    @(127.3800 mm, 116.1100 mm): Track [GND] on B.Cu, length 23.2400 mm
    @(127.3800 mm, 133.8900 mm): PTH pad 9 [+12V] of U3
[solder_mask_bridge]: Front solder mask aperture bridges items with different nets
    Rule: board setup solder mask min width; error
    @(113.0000 mm, 85.0000 mm): Track [+3V3] on F.Cu, length 47.0000 mm
    @(113.0000 mm, 79.9200 mm): PTH pad 3 [<no net>] of U1
[solder_mask_bridge]: Rear solder mask aperture bridges items with different nets
    Rule: board setup solder mask min width; error
    @(89.7000 mm, 78.0000 mm): Track [+12V] on B.Cu, length 11.2700 mm
    @(89.7000 mm, 86.7300 mm): PTH pad 2 [GND] of U2
[solder_mask_bridge]: Rear solder mask aperture bridges items with different nets
    Rule: board setup solder mask min width; error
    @(127.3800 mm, 116.1100 mm): Track [GND] on B.Cu, length 23.2400 mm
    @(127.3800 mm, 128.8100 mm): PTH pad 11 [/MotA2] of U3
[solder_mask_bridge]: Front solder mask aperture bridges items with different nets
    Rule: board setup solder mask min width; error
    @(113.0000 mm, 85.0000 mm): Track [+3V3] on F.Cu, length 47.0000 mm
    @(113.0000 mm, 77.3800 mm): PTH pad 4 [<no net>] of U1
[solder_mask_bridge]: Rear solder mask aperture bridges items with different nets
    Rule: board setup solder mask min width; error
    @(55.5000 mm, 78.0000 mm): Track [+12V] on B.Cu, length 71.8800 mm
    @(87.6000 mm, 77.3800 mm): PTH pad 19 [<no net>] of U1
[solder_mask_bridge]: Front solder mask aperture bridges items with different nets
    Rule: board setup solder mask min width; error
    @(83.0000 mm, 39.5000 mm): Track [/IO32] on F.Cu, length 7.5800 mm
    @(83.0000 mm, 44.5400 mm): PTH pad 2 [+3V3] of J3
[solder_mask_bridge]: Front solder mask aperture bridges items with different nets
    Rule: board setup solder mask min width; error
    @(50.0000 mm, 39.0000 mm): Track [/MotB1] on F.Cu, length 8.0800 mm
    @(50.0000 mm, 42.0000 mm): PTH pad 1 [/MotA2] of J2
[solder_mask_bridge]: Rear solder mask aperture bridges items with different nets
    Rule: board setup solder mask min width; error
    @(127.3800 mm, 116.1100 mm): Track [GND] on B.Cu, length 23.2400 mm
    @(127.3800 mm, 126.2700 mm): PTH pad 12 [/MotA1] of U3
[solder_mask_bridge]: Front solder mask aperture bridges items with different nets
    Rule: board setup solder mask min width; error
    @(113.0000 mm, 85.0000 mm): Track [+3V3] on F.Cu, length 47.0000 mm
    @(113.0000 mm, 74.8400 mm): PTH pad 5 [<no net>] of U1
[solder_mask_bridge]: Rear solder mask aperture bridges items with different nets
    Rule: board setup solder mask min width; error
    @(55.5000 mm, 78.0000 mm): Track [+12V] on B.Cu, length 71.8800 mm
    @(113.0000 mm, 77.3800 mm): PTH pad 4 [<no net>] of U1
[solder_mask_bridge]: Rear solder mask aperture bridges items with different nets
    Rule: board setup solder mask min width; error
    @(127.3800 mm, 116.1100 mm): Track [GND] on B.Cu, length 23.2400 mm
    @(127.3800 mm, 123.7300 mm): PTH pad 13 [/MotB1] of U3
[solder_mask_bridge]: Front solder mask aperture bridges items with different nets
    Rule: board setup solder mask min width; error
    @(113.0000 mm, 85.0000 mm): Track [+3V3] on F.Cu, length 47.0000 mm
    @(113.0000 mm, 72.3000 mm): PTH pad 6 [<no net>] of U1
[solder_mask_bridge]: Front solder mask aperture bridges items with different nets
    Rule: board setup solder mask min width; error
    @(50.0000 mm, 39.0000 mm): Track [/MotB1] on F.Cu, length 8.0800 mm
    @(50.0000 mm, 44.5400 mm): PTH pad 2 [/MotA1] of J2
[solder_mask_bridge]: Rear solder mask aperture bridges items with different nets
    Rule: board setup solder mask min width; error
    @(127.3800 mm, 78.0000 mm): Track [+12V] on B.Cu, length 55.8900 mm
    @(127.3800 mm, 131.3500 mm): PTH pad 10 [GND] of U3
[solder_mask_bridge]: Rear solder mask aperture bridges items with different nets
    Rule: board setup solder mask min width; error
    @(127.3800 mm, 116.1100 mm): Track [GND] on B.Cu, length 23.2400 mm
    @(127.3800 mm, 121.1900 mm): PTH pad 14 [/MotB2] of U3
[solder_mask_bridge]: Front solder mask aperture bridges items with different nets
    Rule: board setup solder mask min width; error
    @(83.0000 mm, 40.0000 mm): Track [/IO33] on F.Cu, length 9.6200 mm
    @(83.0000 mm, 42.0000 mm): PTH pad 1 [GND] of J3
[solder_mask_bridge]: Front solder mask aperture bridges items with different nets
    Rule: board setup solder mask min width; error
    @(113.0000 mm, 85.0000 mm): Track [+3V3] on F.Cu, length 47.0000 mm
    @(113.0000 mm, 69.7600 mm): PTH pad 7 [<no net>] of U1
[solder_mask_bridge]: Rear solder mask aperture bridges items with different nets
    Rule: board setup solder mask min width; error
    @(127.3800 mm, 78.0000 mm): Track [+12V] on B.Cu, length 55.8900 mm
    @(127.3800 mm, 128.8100 mm): PTH pad 11 [/MotA2] of U3
[solder_mask_bridge]: Front solder mask aperture bridges items with different nets
    Rule: board setup solder mask min width; error
    @(127.3800 mm, 121.1900 mm): Track [/MotB2] on F.Cu, length 80.6900 mm
    @(127.3800 mm, 118.6500 mm): PTH pad 15 [+3V3] of U3
[solder_mask_bridge]: Rear solder mask aperture bridges items with different nets
    Rule: board setup solder mask min width; error
    @(127.3800 mm, 116.1100 mm): Track [GND] on B.Cu, length 23.2400 mm
    @(127.3800 mm, 118.6500 mm): PTH pad 15 [+3V3] of U3
[solder_mask_bridge]: Front solder mask aperture bridges items with different nets
    Rule: board setup solder mask min width; error
    @(113.0000 mm, 85.0000 mm): Track [+3V3] on F.Cu, length 47.0000 mm
    @(113.0000 mm, 67.2200 mm): PTH pad 8 [<no net>] of U1
[solder_mask_bridge]: Rear solder mask aperture bridges items with different nets
    Rule: board setup solder mask min width; error
    @(127.3800 mm, 78.0000 mm): Track [+12V] on B.Cu, length 55.8900 mm
    @(127.3800 mm, 126.2700 mm): PTH pad 12 [/MotA1] of U3
[solder_mask_bridge]: Front solder mask aperture bridges items with different nets
    Rule: board setup solder mask min width; error
    @(127.3800 mm, 121.1900 mm): Track [/MotB2] on F.Cu, length 80.6900 mm
    @(127.3800 mm, 116.1100 mm): PTH pad 16 [GND] of U3
[solder_mask_bridge]: Front solder mask aperture bridges items with different nets
    Rule: board setup solder mask min width; error
    @(113.0000 mm, 85.0000 mm): Track [+3V3] on F.Cu, length 47.0000 mm
    @(113.0000 mm, 64.6800 mm): PTH pad 9 [<no net>] of U1
[solder_mask_bridge]: Front solder mask aperture bridges items with different nets
    Rule: board setup solder mask min width; error
    @(83.0000 mm, 40.0000 mm): Track [/IO33] on F.Cu, length 9.6200 mm
    @(83.0000 mm, 44.5400 mm): PTH pad 2 [+3V3] of J3
[solder_mask_bridge]: Rear solder mask aperture bridges items with different nets
    Rule: board setup solder mask min width; error
    @(127.3800 mm, 78.0000 mm): Track [+12V] on B.Cu, length 55.8900 mm
    @(127.3800 mm, 123.7300 mm): PTH pad 13 [/MotB1] of U3
[solder_mask_bridge]: Front solder mask aperture bridges items with different nets
    Rule: board setup solder mask min width; error
    @(50.0000 mm, 40.5000 mm): Track [/MotB2] on F.Cu, length 9.1200 mm
    @(50.0000 mm, 47.0800 mm): PTH pad 3 [/MotB1] of J2
[solder_mask_bridge]: Front solder mask aperture bridges items with different nets
    Rule: board setup solder mask min width; error
    @(113.0000 mm, 85.0000 mm): Track [+3V3] on F.Cu, length 47.0000 mm
    @(113.0000 mm, 62.1400 mm): PTH pad 10 [<no net>] of U1
[solder_mask_bridge]: Rear solder mask aperture bridges items with different nets
    Rule: board setup solder mask min width; error
    @(127.3800 mm, 78.0000 mm): Track [+12V] on B.Cu, length 55.8900 mm
    @(127.3800 mm, 121.1900 mm): PTH pad 14 [/MotB2] of U3
[solder_mask_bridge]: Front solder mask aperture bridges items with different nets
    Rule: board setup solder mask min width; error
    @(50.0000 mm, 40.5000 mm): Track [/MotB2] on F.Cu, length 9.1200 mm
    @(50.0000 mm, 42.0000 mm): PTH pad 1 [/MotA2] of J2
[solder_mask_bridge]: Front solder mask aperture bridges items with different nets
    Rule: board setup solder mask min width; error
    @(113.0000 mm, 85.0000 mm): Track [+3V3] on F.Cu, length 47.0000 mm
    @(113.0000 mm, 59.6000 mm): PTH pad 11 [<no net>] of U1
[solder_mask_bridge]: Front solder mask aperture bridges items with different nets
    Rule: board setup solder mask min width; error
    @(83.0000 mm, 40.0000 mm): Track [/IO33] on F.Cu, length 9.6200 mm
    @(83.0000 mm, 47.0800 mm): PTH pad 3 [/IO32] of J3
[solder_mask_bridge]: Rear solder mask aperture bridges items with different nets
    Rule: board setup solder mask min width; error
    @(127.3800 mm, 78.0000 mm): Track [+12V] on B.Cu, length 55.8900 mm
    @(127.3800 mm, 118.6500 mm): PTH pad 15 [+3V3] of U3
[solder_mask_bridge]: Front solder mask aperture bridges items with different nets
    Rule: board setup solder mask min width; error
    @(50.0000 mm, 40.5000 mm): Track [/MotB2] on F.Cu, length 9.1200 mm
    @(50.0000 mm, 44.5400 mm): PTH pad 2 [/MotA1] of J2
[solder_mask_bridge]: Front solder mask aperture bridges items with different nets
    Rule: board setup solder mask min width; error
    @(113.0000 mm, 85.0000 mm): Track [+3V3] on F.Cu, length 47.0000 mm
    @(113.0000 mm, 57.0600 mm): PTH pad 12 [<no net>] of U1
[solder_mask_bridge]: Rear solder mask aperture bridges items with different nets
    Rule: board setup solder mask min width; error
    @(127.3800 mm, 78.0000 mm): Track [+12V] on B.Cu, length 55.8900 mm
    @(127.3800 mm, 116.1100 mm): PTH pad 16 [GND] of U3
[solder_mask_bridge]: Front solder mask aperture bridges items with different nets
    Rule: board setup solder mask min width; error
    @(113.0000 mm, 85.0000 mm): Track [+3V3] on F.Cu, length 47.0000 mm
    @(113.0000 mm, 54.5200 mm): PTH pad 13 [<no net>] of U1
[solder_mask_bridge]: Rear solder mask aperture bridges items with different nets
    Rule: board setup solder mask min width; error
    @(87.6000 mm, 67.2200 mm): Track [/STEP] on B.Cu, length 63.4000 mm
    @(113.0000 mm, 67.2200 mm): PTH pad 8 [<no net>] of U1
[solder_mask_bridge]: Front solder mask aperture bridges items with different nets
    Rule: board setup solder mask min width; error
    @(113.0000 mm, 85.0000 mm): Track [+3V3] on F.Cu, length 47.0000 mm
    @(113.0000 mm, 51.9800 mm): PTH pad 14 [<no net>] of U1
[solder_mask_bridge]: Front solder mask aperture bridges items with different nets
    Rule: board setup solder mask min width; error
    @(113.0000 mm, 85.0000 mm): Track [+3V3] on F.Cu, length 47.0000 mm
    @(113.0000 mm, 49.4400 mm): PTH pad 15 [<no net>] of U1
[solder_mask_bridge]: Front solder mask aperture bridges items with different nets
    Rule: board setup solder mask min width; error
    @(74.0000 mm, 41.5000 mm): Track [/IO34] on F.Cu, length 9.0000 mm
    @(83.0000 mm, 42.0000 mm): PTH pad 1 [GND] of J3
[solder_mask_bridge]: Rear solder mask aperture bridges items with different nets
    Rule: board setup solder mask min width; error
    @(87.6000 mm, 69.7600 mm): Track [/DIR] on B.Cu, length 61.4000 mm
    @(113.0000 mm, 69.7600 mm): PTH pad 7 [<no net>] of U1
[solder_mask_bridge]: Front solder mask aperture bridges items with different nets
    Rule: board setup solder mask min width; error
    @(83.0000 mm, 38.0000 mm): Track [+3V3] on F.Cu, length 6.5400 mm
    @(83.0000 mm, 42.0000 mm): PTH pad 1 [GND] of J3
[solder_mask_bridge]: Rear solder mask aperture bridges items with different nets
    Rule: board setup solder mask min width; error
    @(87.6000 mm, 72.3000 mm): Track [/EN_TMC] on B.Cu, length 59.4000 mm
    @(113.0000 mm, 72.3000 mm): PTH pad 6 [<no net>] of U1
[solder_mask_bridge]: Front solder mask aperture bridges items with different nets
    Rule: board setup solder mask min width; error
    @(127.3800 mm, 128.8100 mm): Track [/MotA2] on F.Cu, length 92.8100 mm
    @(127.3800 mm, 126.2700 mm): PTH pad 12 [/MotA1] of U3
[solder_mask_bridge]: Front solder mask aperture bridges items with different nets
    Rule: board setup solder mask min width; error
    @(127.3800 mm, 128.8100 mm): Track [/MotA2] on F.Cu, length 92.8100 mm
    @(127.3800 mm, 123.7300 mm): PTH pad 13 [/MotB1] of U3
[solder_mask_bridge]: Front solder mask aperture bridges items with different nets
    Rule: board setup solder mask min width; error
    @(83.0000 mm, 41.5000 mm): Track [/IO34] on F.Cu, length 10.6600 mm
    @(83.0000 mm, 42.0000 mm): PTH pad 1 [GND] of J3
[solder_mask_bridge]: Front solder mask aperture bridges items with different nets
    Rule: board setup solder mask min width; error
    @(113.0000 mm, 82.4600 mm): Track [GND] on F.Cu, length 41.9600 mm
    @(113.0000 mm, 79.9200 mm): PTH pad 3 [<no net>] of U1
[solder_mask_bridge]: Front solder mask aperture bridges items with different nets
    Rule: board setup solder mask min width; error
    @(127.3800 mm, 128.8100 mm): Track [/MotA2] on F.Cu, length 92.8100 mm
    @(127.3800 mm, 121.1900 mm): PTH pad 14 [/MotB2] of U3
[solder_mask_bridge]: Front solder mask aperture bridges items with different nets
    Rule: board setup solder mask min width; error
    @(113.0000 mm, 82.4600 mm): Track [GND] on F.Cu, length 41.9600 mm
    @(113.0000 mm, 77.3800 mm): PTH pad 4 [<no net>] of U1
[solder_mask_bridge]: Front solder mask aperture bridges items with different nets
    Rule: board setup solder mask min width; error
    @(127.3800 mm, 128.8100 mm): Track [/MotA2] on F.Cu, length 92.8100 mm
    @(127.3800 mm, 118.6500 mm): PTH pad 15 [+3V3] of U3
[solder_mask_bridge]: Front solder mask aperture bridges items with different nets
    Rule: board setup solder mask min width; error
    @(113.0000 mm, 82.4600 mm): Track [GND] on F.Cu, length 41.9600 mm
    @(113.0000 mm, 74.8400 mm): PTH pad 5 [<no net>] of U1
[solder_mask_bridge]: Front solder mask aperture bridges items with different nets
    Rule: board setup solder mask min width; error
    @(127.3800 mm, 128.8100 mm): Track [/MotA2] on F.Cu, length 92.8100 mm
    @(127.3800 mm, 116.1100 mm): PTH pad 16 [GND] of U3
[solder_mask_bridge]: Front solder mask aperture bridges items with different nets
    Rule: board setup solder mask min width; error
    @(113.0000 mm, 82.4600 mm): Track [GND] on F.Cu, length 41.9600 mm
    @(113.0000 mm, 72.3000 mm): PTH pad 6 [<no net>] of U1
[solder_mask_bridge]: Front solder mask aperture bridges items with different nets
    Rule: board setup solder mask min width; error
    @(83.0000 mm, 41.5000 mm): Track [/IO34] on F.Cu, length 10.6600 mm
    @(83.0000 mm, 44.5400 mm): PTH pad 2 [+3V3] of J3
[solder_mask_bridge]: Front solder mask aperture bridges items with different nets
    Rule: board setup solder mask min width; error
    @(127.3800 mm, 126.2700 mm): Track [/MotA1] on F.Cu, length 88.7700 mm
    @(127.3800 mm, 123.7300 mm): PTH pad 13 [/MotB1] of U3
[solder_mask_bridge]: Front solder mask aperture bridges items with different nets
    Rule: board setup solder mask min width; error
    @(113.0000 mm, 82.4600 mm): Track [GND] on F.Cu, length 41.9600 mm
    @(113.0000 mm, 69.7600 mm): PTH pad 7 [<no net>] of U1
[solder_mask_bridge]: Front solder mask aperture bridges items with different nets
    Rule: board setup solder mask min width; error
    @(127.3800 mm, 126.2700 mm): Track [/MotA1] on F.Cu, length 88.7700 mm
    @(127.3800 mm, 121.1900 mm): PTH pad 14 [/MotB2] of U3
[solder_mask_bridge]: Front solder mask aperture bridges items with different nets
    Rule: board setup solder mask min width; error
    @(113.0000 mm, 82.4600 mm): Track [GND] on F.Cu, length 41.9600 mm
    @(113.0000 mm, 67.2200 mm): PTH pad 8 [<no net>] of U1
[solder_mask_bridge]: Front solder mask aperture bridges items with different nets
    Rule: board setup solder mask min width; error
    @(127.3800 mm, 126.2700 mm): Track [/MotA1] on F.Cu, length 88.7700 mm
    @(127.3800 mm, 118.6500 mm): PTH pad 15 [+3V3] of U3
[solder_mask_bridge]: Front solder mask aperture bridges items with different nets
    Rule: board setup solder mask min width; error
    @(83.0000 mm, 41.5000 mm): Track [/IO34] on F.Cu, length 10.6600 mm
    @(83.0000 mm, 47.0800 mm): PTH pad 3 [/IO32] of J3
[solder_mask_bridge]: Front solder mask aperture bridges items with different nets
    Rule: board setup solder mask min width; error
    @(113.0000 mm, 82.4600 mm): Track [GND] on F.Cu, length 41.9600 mm
    @(113.0000 mm, 64.6800 mm): PTH pad 9 [<no net>] of U1
[solder_mask_bridge]: Front solder mask aperture bridges items with different nets
    Rule: board setup solder mask min width; error
    @(127.3800 mm, 126.2700 mm): Track [/MotA1] on F.Cu, length 88.7700 mm
    @(127.3800 mm, 116.1100 mm): PTH pad 16 [GND] of U3
[solder_mask_bridge]: Front solder mask aperture bridges items with different nets
    Rule: board setup solder mask min width; error
    @(113.0000 mm, 82.4600 mm): Track [GND] on F.Cu, length 41.9600 mm
    @(113.0000 mm, 62.1400 mm): PTH pad 10 [<no net>] of U1
[solder_mask_bridge]: Front solder mask aperture bridges items with different nets
    Rule: board setup solder mask min width; error
    @(50.0000 mm, 37.5000 mm): Track [/MotA1] on F.Cu, length 7.0400 mm
    @(50.0000 mm, 42.0000 mm): PTH pad 1 [/MotA2] of J2
[solder_mask_bridge]: Front solder mask aperture bridges items with different nets
    Rule: board setup solder mask min width; error
    @(113.0000 mm, 82.4600 mm): Track [GND] on F.Cu, length 41.9600 mm
    @(113.0000 mm, 59.6000 mm): PTH pad 11 [<no net>] of U1
[solder_mask_bridge]: Front solder mask aperture bridges items with different nets
    Rule: board setup solder mask min width; error
    @(83.0000 mm, 41.5000 mm): Track [/IO34] on F.Cu, length 10.6600 mm
    @(83.0000 mm, 49.6200 mm): PTH pad 4 [/IO33] of J3
[solder_mask_bridge]: Front solder mask aperture bridges items with different nets
    Rule: board setup solder mask min width; error
    @(127.3800 mm, 123.7300 mm): Track [/MotB1] on F.Cu, length 84.7300 mm
    @(127.3800 mm, 121.1900 mm): PTH pad 14 [/MotB2] of U3
[solder_mask_bridge]: Front solder mask aperture bridges items with different nets
    Rule: board setup solder mask min width; error
    @(113.0000 mm, 82.4600 mm): Track [GND] on F.Cu, length 41.9600 mm
    @(113.0000 mm, 57.0600 mm): PTH pad 12 [<no net>] of U1
[solder_mask_bridge]: Front solder mask aperture bridges items with different nets
    Rule: board setup solder mask min width; error
    @(127.3800 mm, 123.7300 mm): Track [/MotB1] on F.Cu, length 84.7300 mm
    @(127.3800 mm, 118.6500 mm): PTH pad 15 [+3V3] of U3
[solder_mask_bridge]: Front solder mask aperture bridges items with different nets
    Rule: board setup solder mask min width; error
    @(113.0000 mm, 82.4600 mm): Track [GND] on F.Cu, length 41.9600 mm
    @(113.0000 mm, 54.5200 mm): PTH pad 13 [<no net>] of U1
[solder_mask_bridge]: Front solder mask aperture bridges items with different nets
    Rule: board setup solder mask min width; error
    @(127.3800 mm, 123.7300 mm): Track [/MotB1] on F.Cu, length 84.7300 mm
    @(127.3800 mm, 116.1100 mm): PTH pad 16 [GND] of U3
[solder_mask_bridge]: Front solder mask aperture bridges items with different nets
    Rule: board setup solder mask min width; error
    @(113.0000 mm, 82.4600 mm): Track [GND] on F.Cu, length 41.9600 mm
    @(113.0000 mm, 51.9800 mm): PTH pad 14 [<no net>] of U1
[solder_mask_bridge]: Front solder mask aperture bridges items with different nets
    Rule: board setup solder mask min width; error
    @(113.0000 mm, 82.4600 mm): Track [GND] on F.Cu, length 41.9600 mm
    @(113.0000 mm, 49.4400 mm): PTH pad 15 [<no net>] of U1
[solder_mask_bridge]: Front solder mask aperture bridges items with different nets
    Rule: board setup solder mask min width; error
    @(75.0000 mm, 43.0000 mm): Track [/IO35] on F.Cu, length 8.0000 mm
    @(83.0000 mm, 42.0000 mm): PTH pad 1 [GND] of J3
[solder_mask_bridge]: Front solder mask aperture bridges items with different nets
    Rule: board setup solder mask min width; error
    @(83.0000 mm, 43.0000 mm): Track [/IO35] on F.Cu, length 11.7000 mm
    @(83.0000 mm, 42.0000 mm): PTH pad 1 [GND] of J3
[solder_mask_bridge]: Front solder mask aperture bridges items with different nets
    Rule: board setup solder mask min width; error
    @(83.0000 mm, 43.0000 mm): Track [/IO35] on F.Cu, length 11.7000 mm
    @(83.0000 mm, 44.5400 mm): PTH pad 2 [+3V3] of J3
[solder_mask_bridge]: Front solder mask aperture bridges items with different nets
    Rule: board setup solder mask min width; error
    @(83.0000 mm, 43.0000 mm): Track [/IO35] on F.Cu, length 11.7000 mm
    @(83.0000 mm, 47.0800 mm): PTH pad 3 [/IO32] of J3
[solder_mask_bridge]: Front solder mask aperture bridges items with different nets
    Rule: board setup solder mask min width; error
    @(83.0000 mm, 43.0000 mm): Track [/IO35] on F.Cu, length 11.7000 mm
    @(83.0000 mm, 49.6200 mm): PTH pad 4 [/IO33] of J3
[solder_mask_bridge]: Front solder mask aperture bridges items with different nets
    Rule: board setup solder mask min width; error
    @(83.0000 mm, 43.0000 mm): Track [/IO35] on F.Cu, length 11.7000 mm
    @(83.0000 mm, 52.1600 mm): PTH pad 5 [/IO34] of J3
[track_dangling]: Track has unconnected end
    Local override; warning
    @(55.5000 mm, 82.0000 mm): Track [+12V] on F.Cu, length 4.0000 mm
[via_dangling]: Via is not connected or connected on only one layer
    Local override; warning
    @(39.5000 mm, 88.0000 mm): Via [GND] on F.Cu - B.Cu
[via_dangling]: Via is not connected or connected on only one layer
    Local override; warning
    @(37.7000 mm, 88.0000 mm): Via [GND] on F.Cu - B.Cu
[via_dangling]: Via is not connected or connected on only one layer
    Local override; warning
    @(35.9000 mm, 88.0000 mm): Via [GND] on F.Cu - B.Cu
[via_dangling]: Via is not connected or connected on only one layer
    Local override; warning
    @(34.1000 mm, 88.0000 mm): Via [GND] on F.Cu - B.Cu
[silk_edge_clearance]: Silkscreen clipped by board edge
    Rule: board setup constraints silk; warning
    @(35.0000 mm, 30.0000 mm): Rectangle on Edge.Cuts
    @(40.0000 mm, 99.5000 mm): PCB text 'J1 NGUON 12V-3A' on B.Silkscreen
[silk_edge_clearance]: Silkscreen clipped by board edge
    Rule: board setup constraints silk; warning
    @(35.0000 mm, 30.0000 mm): Rectangle on Edge.Cuts
    @(40.0000 mm, 96.5000 mm): PCB text 'via farm 6x0.6mm >=3A' on B.Silkscreen
[lib_footprint_mismatch]: Footprint 'TerminalBlock_2P_5.0mm' does not match copy in library 'ESP32_Carrier'
    Local override; warning
    @(47.0000 mm, 88.0000 mm): Footprint J1
[lib_footprint_mismatch]: Footprint 'Mini560_5V5A' does not match copy in library 'ESP32_Carrier'
    Local override; warning
    @(77.0000 mm, 88.0000 mm): Footprint U2
[lib_footprint_mismatch]: Footprint 'TMC2209_StepStick' does not match copy in library 'ESP32_Carrier'
    Local override; warning
    @(135.0000 mm, 125.0000 mm): Footprint U3
[lib_footprint_mismatch]: Footprint 'ESP32_DevKit_V1_30Pin_Socket' does not match copy in library 'ESP32_Carrier'
    Local override; warning
    @(113.0000 mm, 85.0000 mm): Footprint U1
[text_height]: Text height out of range (board setup constraints silk text height min height 0.8000 mm; actual 0.7500 mm)
    Rule: board setup constraints silk text height; warning
    @(43.0000 mm, 52.5000 mm): PCB text 'A2 | A1 | B1 | B2' on F.Silkscreen
[text_height]: Text height out of range (board setup constraints silk text height min height 0.8000 mm; actual 0.7500 mm)
    Rule: board setup constraints silk text height; warning
    @(77.0000 mm, 56.5000 mm): PCB text 'GND | 3V3 | IO32-35' on F.Silkscreen
[text_height]: Text height out of range (board setup constraints silk text height min height 0.8000 mm; actual 0.7000 mm)
    Rule: board setup constraints silk text height; warning
    @(40.0000 mm, 96.5000 mm): PCB text 'via farm 6x0.6mm >=3A' on B.Silkscreen
[text_height]: Text height out of range (board setup constraints silk text height min height 0.8000 mm; actual 0.7500 mm)
    Rule: board setup constraints silk text height; warning
    @(62.0000 mm, 96.5000 mm): PCB text '12V -> 5V 5A' on B.Silkscreen
[text_height]: Text height out of range (board setup constraints silk text height min height 0.8000 mm; actual 0.7500 mm)
    Rule: board setup constraints silk text height; warning
    @(124.0000 mm, 138.5000 mm): PCB text 'stepstick NEMA17' on B.Silkscreen
[text_height]: Text height out of range (board setup constraints silk text height min height 0.8000 mm; actual 0.7000 mm)
    Rule: board setup constraints silk text height; warning
    @(52.5000 mm, 78.0000 mm): PCB text '+12V VIA 3A' on F.Silkscreen
[text_height]: Text height out of range (board setup constraints silk text height min height 0.8000 mm; actual 0.7000 mm)
    Rule: board setup constraints silk text height; warning
    @(52.5000 mm, 78.0000 mm): PCB text '+12V VIA 3A' on B.Silkscreen
[silk_overlap]: Silkscreen clearance
    Rule: board setup constraints silk; warning
    @(43.0000 mm, 52.5000 mm): PCB text 'A2 | A1 | B1 | B2' on F.Silkscreen
    @(41.0000 mm, 38.0000 mm): Rectangle on F.Silkscreen
[silk_overlap]: Silkscreen clearance
    Rule: board setup constraints silk; warning
    @(77.0000 mm, 56.5000 mm): PCB text 'GND | 3V3 | IO32-35' on F.Silkscreen
    @(75.0000 mm, 38.0000 mm): Rectangle on F.Silkscreen
[silk_overlap]: Silkscreen clearance
    Rule: board setup constraints silk; warning
    @(50.0000 mm, 38.2000 mm): Reference field of J2
    @(41.0000 mm, 38.0000 mm): Rectangle on F.Silkscreen
[silk_overlap]: Silkscreen clearance
    Rule: board setup constraints silk; warning
    @(75.0000 mm, 38.0000 mm): Rectangle on F.Silkscreen
    @(83.0000 mm, 38.2000 mm): Reference field of J3
[silk_overlap]: Silkscreen clearance
    Rule: board setup constraints silk; warning
    @(81.2000 mm, 40.2000 mm): Rectangle of J3 on F.Silkscreen
    @(77.0000 mm, 56.5000 mm): PCB text 'GND | 3V3 | IO32-35' on F.Silkscreen
[silk_over_copper]: Silkscreen clipped by solder mask
    Local override; warning
    @(86.8000 mm, 49.6200 mm): Footprint text of J3 (IO33)
    @(87.6000 mm, 49.4400 mm): PTH pad 30 [<no net>] of U1
[silk_over_copper]: Silkscreen clipped by solder mask
    Local override; warning
    @(86.8000 mm, 52.1600 mm): Footprint text of J3 (IO34)
    @(87.6000 mm, 51.9800 mm): PTH pad 29 [<no net>] of U1
[silk_over_copper]: Silkscreen clipped by solder mask
    Local override; warning
    @(86.8000 mm, 54.7000 mm): Footprint text of J3 (IO35)
    @(87.6000 mm, 54.5200 mm): PTH pad 28 [<no net>] of U1
[silk_over_copper]: Silkscreen clipped by solder mask
    Local override; warning
    @(75.0000 mm, 38.0000 mm): Rectangle on F.Silkscreen
    @(87.6000 mm, 59.6000 mm): PTH pad 26 [/IO35] of U1
[silk_overlap]: Silkscreen clearance
    Rule: board setup constraints silk; warning
    @(114.8000 mm, 93.0000 mm): Rectangle of U1 on B.Silkscreen
    @(61.0000 mm, 78.0000 mm): Rectangle on B.Silkscreen
[silk_overlap]: Silkscreen clearance
    Rule: board setup constraints silk; warning
    @(62.0000 mm, 96.5000 mm): PCB text '12V -> 5V 5A' on B.Silkscreen
    @(61.0000 mm, 78.0000 mm): Rectangle on B.Silkscreen
[silk_overlap]: Silkscreen clearance
    Rule: board setup constraints silk; warning
    @(62.0000 mm, 96.5000 mm): PCB text '12V -> 5V 5A' on B.Silkscreen
    @(92.0000 mm, 97.0000 mm): Rectangle of U2 on B.Silkscreen
[silk_overlap]: Silkscreen clearance
    Rule: board setup constraints silk; warning
    @(61.0000 mm, 78.0000 mm): Rectangle on B.Silkscreen
    @(92.0000 mm, 97.0000 mm): Rectangle of U2 on B.Silkscreen
[silk_overlap]: Silkscreen clearance
    Rule: board setup constraints silk; warning
    @(114.8000 mm, 93.0000 mm): Rectangle of U1 on B.Silkscreen
    @(92.0000 mm, 97.0000 mm): Rectangle of U2 on B.Silkscreen
[silk_overlap]: Silkscreen clearance
    Rule: board setup constraints silk; warning
    @(40.0000 mm, 96.5000 mm): PCB text 'via farm 6x0.6mm >=3A' on B.Silkscreen
    @(39.0000 mm, 78.0000 mm): Rectangle on B.Silkscreen
[silk_overlap]: Silkscreen clearance
    Rule: board setup constraints silk; warning
    @(123.0000 mm, 112.0000 mm): Rectangle on B.Silkscreen
    @(124.0000 mm, 138.5000 mm): PCB text 'stepstick NEMA17' on B.Silkscreen
[silk_overlap]: Silkscreen clearance
    Rule: board setup constraints silk; warning
    @(114.8000 mm, 93.0000 mm): Rectangle of U1 on B.Silkscreen
    @(97.0000 mm, 78.0000 mm): Rectangle on B.Silkscreen
[silk_overlap]: Silkscreen clearance
    Rule: board setup constraints silk; warning
    @(39.0000 mm, 78.0000 mm): Rectangle on B.Silkscreen
    @(52.5000 mm, 78.0000 mm): PCB text '+12V VIA 3A' on B.Silkscreen
[silk_over_copper]: Silkscreen clipped by solder mask
    Local override; warning
    @(61.0000 mm, 78.0000 mm): Rectangle on B.Silkscreen
    @(87.6000 mm, 77.3800 mm): PTH pad 19 [<no net>] of U1
[silk_over_copper]: Silkscreen clipped by solder mask
    Local override; warning
    @(97.0000 mm, 78.0000 mm): Rectangle on B.Silkscreen
    @(113.0000 mm, 77.3800 mm): PTH pad 4 [<no net>] of U1
[nonmirrored_text_on_back_layer]: Non-Mirrored text on back layer
    Local override; warning
    @(95.0000 mm, 141.0000 mm): PCB text 'MAT DUOI / BOTTOM - MODULE ROI' on B.Silkscreen
[nonmirrored_text_on_back_layer]: Non-Mirrored text on back layer
    Local override; warning
    @(40.0000 mm, 99.5000 mm): PCB text 'J1 NGUON 12V-3A' on B.Silkscreen
[nonmirrored_text_on_back_layer]: Non-Mirrored text on back layer
    Local override; warning
    @(40.0000 mm, 96.5000 mm): PCB text 'via farm 6x0.6mm >=3A' on B.Silkscreen
[nonmirrored_text_on_back_layer]: Non-Mirrored text on back layer
    Local override; warning
    @(62.0000 mm, 99.5000 mm): PCB text 'U2 Mini560 BUCK' on B.Silkscreen
[nonmirrored_text_on_back_layer]: Non-Mirrored text on back layer
    Local override; warning
    @(62.0000 mm, 96.5000 mm): PCB text '12V -> 5V 5A' on B.Silkscreen
[nonmirrored_text_on_back_layer]: Non-Mirrored text on back layer
    Local override; warning
    @(124.0000 mm, 141.5000 mm): PCB text 'U3 TMC2209' on B.Silkscreen
[nonmirrored_text_on_back_layer]: Non-Mirrored text on back layer
    Local override; warning
    @(124.0000 mm, 138.5000 mm): PCB text 'stepstick NEMA17' on B.Silkscreen
[nonmirrored_text_on_back_layer]: Non-Mirrored text on back layer
    Local override; warning
    @(98.0000 mm, 109.5000 mm): PCB text 'U1 ESP32 DevKit V1' on B.Silkscreen
[nonmirrored_text_on_back_layer]: Non-Mirrored text on back layer
    Local override; warning
    @(52.5000 mm, 78.0000 mm): PCB text '+12V VIA 3A' on B.Silkscreen
[nonmirrored_text_on_back_layer]: Non-Mirrored text on back layer
    Local override; warning
    @(47.0000 mm, 93.5000 mm): Reference field of J1
[nonmirrored_text_on_back_layer]: Non-Mirrored text on back layer
    Local override; warning
    @(47.0000 mm, 81.8000 mm): Value field of J1 (Screw_12V_IN)
[nonmirrored_text_on_back_layer]: Non-Mirrored text on back layer
    Local override; warning
    @(77.0000 mm, 98.8000 mm): Reference field of U2
[nonmirrored_text_on_back_layer]: Non-Mirrored text on back layer
    Local override; warning
    @(77.0000 mm, 77.2000 mm): Value field of U2 (Mini560_5V5A)
[nonmirrored_text_on_back_layer]: Non-Mirrored text on back layer
    Local override; warning
    @(135.0000 mm, 137.0000 mm): Reference field of U3
[nonmirrored_text_on_back_layer]: Non-Mirrored text on back layer
    Local override; warning
    @(135.0000 mm, 113.0000 mm): Value field of U3 (TMC2209)
[nonmirrored_text_on_back_layer]: Non-Mirrored text on back layer
    Local override; warning
    @(100.3000 mm, 95.5000 mm): Reference field of U1
[nonmirrored_text_on_back_layer]: Non-Mirrored text on back layer
    Local override; warning
    @(100.3000 mm, 44.4400 mm): Value field of U1 (ESP32_DevKit_V1_30Pin)

** Found 0 unconnected pads **

** Found 0 Footprint errors **

** Ignored checks **
    - Footprint has no courtyard defined
    - Track endpoint not centered on via
    - Tuning profile track geometries
    - Footprint doesn't match symbol's footprint filters
    - Footprint component type doesn't match footprint pads

** End of Report **
