ERC report (2026-08-26T17:10:59, Encoding UTF8)
Report includes: Errors, Warnings

***** Sheet /
[label_dangling]: Label not connected
    ; error
    @(38.10 mm, 312.42 mm): Label '+12V'
[label_dangling]: Label not connected
    ; error
    @(63.50 mm, 312.42 mm): Label '+12V_SNS'
[pin_not_connected]: Pin not connected
    ; error
    @(147.32 mm, 64.77 mm): Symbol U1 Pin 2 [3V3b, Power output, Line]
[pin_not_connected]: Pin not connected
    ; error
    @(147.32 mm, 67.31 mm): Symbol U1 Pin 3 [RST, Input, Line]
[pin_not_driven]: Input pin not driven by any Output pins
    ; error
    @(147.32 mm, 67.31 mm): Symbol U1 Pin 3 [RST, Input, Line]
[pin_not_connected]: Pin not connected
    ; error
    @(147.32 mm, 92.71 mm): Symbol U1 Pin 13 [IO3, Bidirectional, Line]
[pin_not_connected]: Pin not connected
    ; error
    @(147.32 mm, 95.25 mm): Symbol U1 Pin 14 [IO46, Bidirectional, Line]
[pin_not_connected]: Pin not connected
    ; error
    @(182.88 mm, 62.23 mm): Symbol U1 Pin 23 [GND, Passive, Line]
[pin_not_connected]: Pin not connected
    ; error
    @(182.88 mm, 64.77 mm): Symbol U1 Pin 24 [TX0, Bidirectional, Line]
[pin_not_connected]: Pin not connected
    ; error
    @(182.88 mm, 67.31 mm): Symbol U1 Pin 25 [RX0, Bidirectional, Line]
[pin_not_connected]: Pin not connected
    ; error
    @(182.88 mm, 74.93 mm): Symbol U1 Pin 28 [IO42, Bidirectional, Line]
[pin_not_connected]: Pin not connected
    ; error
    @(182.88 mm, 77.47 mm): Symbol U1 Pin 29 [IO41, Bidirectional, Line]
[pin_not_connected]: Pin not connected
    ; error
    @(182.88 mm, 80.01 mm): Symbol U1 Pin 30 [IO40, Bidirectional, Line]
[pin_not_connected]: Pin not connected
    ; error
    @(182.88 mm, 82.55 mm): Symbol U1 Pin 31 [IO39, Bidirectional, Line]
[pin_not_connected]: Pin not connected
    ; error
    @(182.88 mm, 85.09 mm): Symbol U1 Pin 32 [IO38, Bidirectional, Line]
[pin_not_connected]: Pin not connected
    ; error
    @(182.88 mm, 87.63 mm): Symbol U1 Pin 33 [IO37, Bidirectional, Line]
[pin_not_connected]: Pin not connected
    ; error
    @(182.88 mm, 90.17 mm): Symbol U1 Pin 34 [IO36, Bidirectional, Line]
[pin_not_connected]: Pin not connected
    ; error
    @(182.88 mm, 92.71 mm): Symbol U1 Pin 35 [IO35, Bidirectional, Line]
[pin_not_connected]: Pin not connected
    ; error
    @(182.88 mm, 95.25 mm): Symbol U1 Pin 36 [IO0, Bidirectional, Line]
[pin_not_connected]: Pin not connected
    ; error
    @(182.88 mm, 97.79 mm): Symbol U1 Pin 37 [IO45, Bidirectional, Line]
[pin_not_connected]: Pin not connected
    ; error
    @(182.88 mm, 100.33 mm): Symbol U1 Pin 38 [IO48, Bidirectional, Line]
[pin_not_connected]: Pin not connected
    ; error
    @(182.88 mm, 102.87 mm): Symbol U1 Pin 39 [IO47, Bidirectional, Line]
[pin_not_connected]: Pin not connected
    ; error
    @(182.88 mm, 105.41 mm): Symbol U1 Pin 40 [IO21, Bidirectional, Line]
[pin_not_connected]: Pin not connected
    ; error
    @(182.88 mm, 107.95 mm): Symbol U1 Pin 41 [IO20, Bidirectional, Line]
[pin_not_connected]: Pin not connected
    ; error
    @(182.88 mm, 110.49 mm): Symbol U1 Pin 42 [IO19, Bidirectional, Line]
[pin_not_connected]: Pin not connected
    ; error
    @(182.88 mm, 113.03 mm): Symbol U1 Pin 43 [GNDb, Passive, Line]
[pin_not_connected]: Pin not connected
    ; error
    @(182.88 mm, 115.57 mm): Symbol U1 Pin 44 [GNDc, Passive, Line]
[pin_not_connected]: Pin not connected
    ; error
    @(215.90 mm, 133.35 mm): Symbol J3 Pin 1 [GND, Passive, Line]
[pin_not_connected]: Pin not connected
    ; error
    @(215.90 mm, 135.89 mm): Symbol J3 Pin 2 [3V3, Passive, Line]
[pin_not_connected]: Pin not connected
    ; error
    @(215.90 mm, 138.43 mm): Symbol J3 Pin 3 [IO32, Passive, Line]
[pin_not_connected]: Pin not connected
    ; error
    @(215.90 mm, 140.97 mm): Symbol J3 Pin 4 [IO33, Passive, Line]
[pin_not_connected]: Pin not connected
    ; error
    @(215.90 mm, 143.51 mm): Symbol J3 Pin 5 [IO34, Passive, Line]
[pin_not_connected]: Pin not connected
    ; error
    @(215.90 mm, 146.05 mm): Symbol J3 Pin 6 [IO35, Passive, Line]
[lib_symbol_mismatch]: Symbol 'TerminalBlock_2P' doesn't match copy in library 'ESP32_Carrier'
    ; warning
    @(38.10 mm, 63.50 mm): Symbol J1 [TerminalBlock_2P]
[lib_symbol_issues]: Symbol 'PWR_FLAG' not found in symbol library 'ESP32_Carrier'
    ; warning
    @(66.04 mm, 45.72 mm): Symbol #FLG1 [PWR_FLAG]
[lib_symbol_mismatch]: Symbol 'Mini560_5V5A' doesn't match copy in library 'ESP32_Carrier'
    ; warning
    @(95.25 mm, 63.50 mm): Symbol U2 [Mini560_5V5A]
[endpoint_off_grid]: Symbol pin or wire end off connection grid
    ; warning
    @(110.49 mm, 200.66 mm): Horizontal Wire, length 8.00 mm
[endpoint_off_grid]: Symbol pin or wire end off connection grid
    ; warning
    @(118.49 mm, 200.66 mm): Horizontal Wire, length 46.61 mm
[endpoint_off_grid]: Symbol pin or wire end off connection grid
    ; warning
    @(110.49 mm, 238.76 mm): Horizontal Wire, length 8.00 mm
[endpoint_off_grid]: Symbol pin or wire end off connection grid
    ; warning
    @(118.49 mm, 238.76 mm): Horizontal Wire, length 46.61 mm
[endpoint_off_grid]: Symbol pin or wire end off connection grid
    ; warning
    @(118.49 mm, 276.86 mm): Horizontal Wire, length 46.61 mm
[endpoint_off_grid]: Symbol pin or wire end off connection grid
    ; warning
    @(110.49 mm, 276.86 mm): Horizontal Wire, length 8.00 mm
[endpoint_off_grid]: Symbol pin or wire end off connection grid
    ; warning
    @(110.49 mm, 134.62 mm): Horizontal Wire, length 10.00 mm
[endpoint_off_grid]: Symbol pin or wire end off connection grid
    ; warning
    @(120.49 mm, 134.62 mm): Horizontal Wire, length 44.61 mm
[endpoint_off_grid]: Symbol pin or wire end off connection grid
    ; warning
    @(110.49 mm, 205.74 mm): Horizontal Wire, length 10.00 mm
[endpoint_off_grid]: Symbol pin or wire end off connection grid
    ; warning
    @(120.49 mm, 205.74 mm): Horizontal Wire, length 44.61 mm
[endpoint_off_grid]: Symbol pin or wire end off connection grid
    ; warning
    @(120.49 mm, 243.84 mm): Horizontal Wire, length 44.61 mm
[endpoint_off_grid]: Symbol pin or wire end off connection grid
    ; warning
    @(110.49 mm, 243.84 mm): Horizontal Wire, length 10.00 mm
[endpoint_off_grid]: Symbol pin or wire end off connection grid
    ; warning
    @(110.49 mm, 281.94 mm): Horizontal Wire, length 10.00 mm
[endpoint_off_grid]: Symbol pin or wire end off connection grid
    ; warning
    @(120.49 mm, 281.94 mm): Horizontal Wire, length 44.61 mm
[endpoint_off_grid]: Symbol pin or wire end off connection grid
    ; warning
    @(110.49 mm, 137.16 mm): Horizontal Wire, length 12.00 mm
[endpoint_off_grid]: Symbol pin or wire end off connection grid
    ; warning
    @(122.49 mm, 137.16 mm): Horizontal Wire, length 42.61 mm
[endpoint_off_grid]: Symbol pin or wire end off connection grid
    ; warning
    @(110.49 mm, 142.24 mm): Horizontal Wire, length 14.00 mm
[endpoint_off_grid]: Symbol pin or wire end off connection grid
    ; warning
    @(124.49 mm, 142.24 mm): Horizontal Wire, length 40.61 mm
[endpoint_off_grid]: Symbol pin or wire end off connection grid
    ; warning
    @(126.49 mm, 144.78 mm): Horizontal Wire, length 38.61 mm
[endpoint_off_grid]: Symbol pin or wire end off connection grid
    ; warning
    @(110.49 mm, 144.78 mm): Horizontal Wire, length 16.00 mm
[label_multiple_wires]: Label connects more than one wire at 1400000, 1422400
    ; warning
    @(140.00 mm, 142.24 mm): Label 'EN'
    @(124.49 mm, 142.24 mm): Horizontal Wire, length 40.61 mm
[label_multiple_wires]: Label connects more than one wire at 1400000, 1447800
    ; warning
    @(140.00 mm, 144.78 mm): Label 'STEP'
    @(126.49 mm, 144.78 mm): Horizontal Wire, length 38.61 mm
[endpoint_off_grid]: Symbol pin or wire end off connection grid
    ; warning
    @(145.00 mm, 87.63 mm): Vertical Wire, length 54.61 mm
[endpoint_off_grid]: Symbol pin or wire end off connection grid
    ; warning
    @(147.32 mm, 87.63 mm): Horizontal Wire, length 2.32 mm
[endpoint_off_grid]: Symbol pin or wire end off connection grid
    ; warning
    @(145.00 mm, 142.24 mm): Horizontal Wire, length 64.99 mm
[no_connect_dangling]: Unconnected "no connection" flag
    ; warning
    @(147.32 mm, 99.06 mm): No Connect
[no_connect_dangling]: Unconnected "no connection" flag
    ; warning
    @(147.32 mm, 101.60 mm): No Connect
[endpoint_off_grid]: Symbol pin or wire end off connection grid
    ; warning
    @(147.50 mm, 85.09 mm): Vertical Wire, length 62.23 mm
[endpoint_off_grid]: Symbol pin or wire end off connection grid
    ; warning
    @(147.32 mm, 85.09 mm): Horizontal Wire, length 0.18 mm
[endpoint_off_grid]: Symbol pin or wire end off connection grid
    ; warning
    @(147.50 mm, 147.32 mm): Horizontal Wire, length 67.49 mm
[endpoint_off_grid]: Symbol pin or wire end off connection grid
    ; warning
    @(150.00 mm, 82.55 mm): Vertical Wire, length 62.23 mm
[endpoint_off_grid]: Symbol pin or wire end off connection grid
    ; warning
    @(147.32 mm, 82.55 mm): Horizontal Wire, length 2.68 mm
[endpoint_off_grid]: Symbol pin or wire end off connection grid
    ; warning
    @(150.00 mm, 144.78 mm): Horizontal Wire, length 69.99 mm
[lib_symbol_mismatch]: Symbol 'ESP32_S3_DevKitC_1' doesn't match copy in library 'ESP32_Carrier'
    ; warning
    @(165.10 mm, 88.90 mm): Symbol U1 [ESP32_S3_DevKitC_1]
[no_connect_dangling]: Unconnected "no connection" flag
    ; warning
    @(182.88 mm, 101.60 mm): No Connect
[no_connect_dangling]: Unconnected "no connection" flag
    ; warning
    @(182.88 mm, 104.14 mm): No Connect
[no_connect_dangling]: Unconnected "no connection" flag
    ; warning
    @(182.88 mm, 106.68 mm): No Connect
[endpoint_off_grid]: Symbol pin or wire end off connection grid
    ; warning
    @(288.13 mm, 35.56 mm): Horizontal Wire, length 140.81 mm
[endpoint_off_grid]: Symbol pin or wire end off connection grid
    ; warning
    @(278.13 mm, 81.28 mm): Horizontal Wire, length 10.00 mm
[endpoint_off_grid]: Symbol pin or wire end off connection grid
    ; warning
    @(288.13 mm, 81.28 mm): Vertical Wire, length 45.72 mm
[endpoint_off_grid]: Symbol pin or wire end off connection grid
    ; warning
    @(290.13 mm, 73.66 mm): Horizontal Wire, length 142.81 mm
[endpoint_off_grid]: Symbol pin or wire end off connection grid
    ; warning
    @(278.13 mm, 78.74 mm): Horizontal Wire, length 12.00 mm
[endpoint_off_grid]: Symbol pin or wire end off connection grid
    ; warning
    @(290.13 mm, 78.74 mm): Vertical Wire, length 5.08 mm

 ** ERC messages: 79  Errors 33  Warnings 46

 ** Ignored checks:
    - Global label only appears once in the schematic
    - Four connection points are joined together
    - SPICE model issue
    - Assigned footprint doesn't match footprint filters
