V-HACD V2.2
Syntax: testVHACD [options] --input infile.obj --output outfile.obj --log logfile.txt

Options:
       --input                     Wavefront .obj input file name
       --output                    VRML 2.0 output file name
       --log                       Log file name
       --resolution                Maximum number of voxels generated during the voxelization stage (default=100,000, range=10,000-16,000,000)
       --depth                     Maximum number of clipping stages. During each split stage, parts with a concavity higher than the user defined threshold are clipped according the "best" clipping plane (default=20, range=1-32)
       --concavity                 Maximum allowed concavity (default=0.0025, range=0.0-1.0)
       --planeDownsampling         Controls the granularity of the search for the "best" clipping plane (default=4, range=1-16)
       --convexhullDownsampling    Controls the precision of the convex-hull generation process during the clipping plane selection stage (default=4, range=1-16)
       --alpha                     Controls the bias toward clipping along symmetry planes (default=0.05, range=0.0-1.0)
       --beta                      Controls the bias toward clipping along revolution axes (default=0.05, range=0.0-1.0)
       --gamma                     Controls the maximum allowed concavity during the merge stage (default=0.00125, range=0.0-1.0)
       --delta                     Controls the bias toward maximaxing local concavity (default=0.05, range=0.0-1.0)
       --pca                       Enable/disable normalizing the mesh before applying the convex decomposition (default=0, range={0,1})
       --mode                      0: voxel-based approximate convex decomposition, 1: tetrahedron-based approximate convex decomposition (default=0, range={0,1})
       --maxNumVerticesPerCH       Controls the maximum number of triangles per convex-hull (default=64, range=4-1024)
       --minVolumePerCH            Controls the adaptive sampling of the generated convex-hulls (default=0.0001, range=0.0-0.01)
       --convexhullApproximation   Enable/disable approximation when computing convex-hulls (default=1, range={0,1})
       --oclAcceleration           Enable/disable OpenCL acceleration (default=0, range={0,1})
       --oclPlatformID             OpenCL platform id (default=0, range=0-# OCL platforms)
       --oclDeviceID               OpenCL device id (default=0, range=0-# OCL devices)
       --help                      Print usage

Examples:
       testVHACD.exe --input bunny.obj --output bunny_acd.obj --log log.txt

+ OpenCL (OFF)
+ Parameters
	 input                                       C:\workspace\embedded\CountingMachine\3d_model\sim\meshes\height_adjust\HA_Follower.obj
	 resolution                                  120000
	 max. depth                                  20
	 max. concavity                              0.001
	 plane down-sampling                         4
	 convex-hull down-sampling                   4
	 alpha                                       0.05
	 beta                                        0.05
	 gamma                                       0.0005
	 pca                                         0
	 mode                                        0
	 max. vertices per convex-hull               64
	 min. volume to add vertices to convex-hulls 0.0001
	 convex-hull approximation                   1
	 OpenCL acceleration                         1
	 OpenCL platform ID                          0
	 OpenCL device ID                            0
	 output                                      C:\workspace\embedded\CountingMachine\3d_model\sim\meshes\height_adjust\HA_Follower_vhacd.obj
	 log                                         C:\workspace\embedded\CountingMachine\3d_model\sim\meshes\height_adjust\HA_Follower_vhacd.log
+ Load mesh
+ Voxelization
	 dim = 64	-> 23400 voxels
	 dim = 110	-> 107242 voxels
	 time 0.0071081s
+ Compute primitive set
	 # primitives               107242
	 # inside surface           87870
	 # on surface               19372
	 time 0.0012497s
+ Approximate Convex Decomposition
	 Subdivision level 1
	 -> Part[0] C  = 0.261685, E  = 0.134701, VS = 19372, VI = 87870
		 [Regular sampling] Number of clipping planes 52

			 Best  0030 T=0.177516 C=0.162507 B=0.008712 S=0.006296 (0.0, 0.0, 1.0, 0.036)

		 [Refining] Number of clipping planes 9

			 Best  0004 T=0.177619 C=0.162611 B=0.008712 S=0.006296 (0.0, 0.0, 1.0, 0.036)

	 Subdivision level 2
	 -> Part[0] C  = 0.00549368, E  = 0.0142545, VS = 2050, VI = 3213
	 -> Part[1] C  = 0.157125, E  = 0.123048, VS = 17696, VI = 84283
		 [Regular sampling] Number of clipping planes 46

			 Best  0004 T=0.107717 C=0.105159 B=0.002559 S=0.000000 (1.0, 0.0, 0.0, 18.558)

		 [Refining] Number of clipping planes 9

			 Best  0003 T=0.100759 C=0.098534 B=0.002226 S=0.000000 (1.0, 0.0, 0.0, 19.221)

	 Subdivision level 3
	 -> Part[0] C  = 0.044962, E  = 0.0970418, VS = 13956, VI = 57607
	 -> Part[1] C  = 0.0535169, E  = 0.0656402, VS = 9440, VI = 20976
+ Generate 3 convex-hulls 
	 time 0.742784s
+ Merge Convex Hulls
	 time 0.000114s
+ Simplify 3 convex-hulls 
		 Simplify CH[00000] 10 V, 16 T
		 Simplify CH[00001] 16 V, 28 T
		 Simplify CH[00002] 12 V, 20 T
	 time 8.83e-05s
+ Generate output: 3 convex-hulls 
	 CH[00000] 10 V, 16 T
	 CH[00001] 16 V, 28 T
	 CH[00002] 12 V, 20 T
