Wrote:
  C:\workspace\embedded\CountingMachine\pcb\esp32_baseboard\libraries\ESP32_Carrier.pretty\MountingHole_M3.kicad_mod
  C:\workspace\embedded\CountingMachine\pcb\esp32_baseboard\libraries\ESP32_Carrier.pretty\ESP32_S3_DevKitC_44Pin_Socket.kicad_mod
  C:\workspace\embedded\CountingMachine\pcb\esp32_baseboard\libraries\ESP32_Carrier.pretty\MP1584_5V3A.kicad_mod
  C:\workspace\embedded\CountingMachine\pcb\esp32_baseboard\libraries\ESP32_Carrier.pretty\TerminalBlock_2P_5.0mm.kicad_mod
  C:\workspace\embedded\CountingMachine\pcb\esp32_baseboard\libraries\ESP32_Carrier.pretty\Fuse_PTC_Radial_5.1mm.kicad_mod
  C:\workspace\embedded\CountingMachine\pcb\esp32_baseboard\libraries\ESP32_Carrier.pretty\Diode_TVS_DO41.kicad_mod
  C:\workspace\embedded\CountingMachine\pcb\esp32_baseboard\libraries\ESP32_Carrier.pretty\TMC2209_StepStick.kicad_mod
  C:\workspace\embedded\CountingMachine\pcb\esp32_baseboard\libraries\ESP32_Carrier.pretty\PC817_4CH_Opto.kicad_mod
  C:\workspace\embedded\CountingMachine\pcb\esp32_baseboard\libraries\ESP32_Carrier.pretty\ULN2003AN.kicad_mod
  C:\workspace\embedded\CountingMachine\pcb\esp32_baseboard\libraries\ESP32_Carrier.pretty\74HC595.kicad_mod
  C:\workspace\embedded\CountingMachine\pcb\esp32_baseboard\libraries\ESP32_Carrier.pretty\PinHeader_1x04_Motor.kicad_mod
  C:\workspace\embedded\CountingMachine\pcb\esp32_baseboard\libraries\ESP32_Carrier.pretty\PinHeader_1x11_TFT.kicad_mod
  C:\workspace\embedded\CountingMachine\pcb\esp32_baseboard\libraries\ESP32_Carrier.pretty\PinHeader_1x03_Buzzer.kicad_mod
  C:\workspace\embedded\CountingMachine\pcb\esp32_baseboard\libraries\ESP32_Carrier.pretty\PinHeader_1x04_MOSFET.kicad_mod
  C:\workspace\embedded\CountingMachine\pcb\esp32_baseboard\libraries\ESP32_Carrier.pretty\PinHeader_1x04_ENC.kicad_mod
  C:\workspace\embedded\CountingMachine\pcb\esp32_baseboard\libraries\ESP32_Carrier.pretty\PinHeader_1x05_BYJ.kicad_mod
  C:\workspace\embedded\CountingMachine\pcb\esp32_baseboard\libraries\ESP32_Carrier.pretty\PinHeader_1x02_LimitSW.kicad_mod
  C:\workspace\embedded\CountingMachine\pcb\esp32_baseboard\libraries\ESP32_Carrier.pretty\PinHeader_1x04_BUP30S.kicad_mod
  C:\workspace\embedded\CountingMachine\pcb\esp32_baseboard\libraries\ESP32_Carrier.pretty\R_Axial_4k7_BUP.kicad_mod
  C:\workspace\embedded\CountingMachine\pcb\esp32_baseboard\libraries\ESP32_Carrier.pretty\CP_Radial_D8_470u_25V.kicad_mod
  C:\workspace\embedded\CountingMachine\pcb\esp32_baseboard\libraries\ESP32_Carrier.pretty\CP_Radial_D6_100u_25V.kicad_mod
  C:\workspace\embedded\CountingMachine\pcb\esp32_baseboard\libraries\ESP32_Carrier.pretty\CP_Radial_D6_47u_25V.kicad_mod
  C:\workspace\embedded\CountingMachine\pcb\esp32_baseboard\libraries\ESP32_Carrier.pretty\C_0805_100n.kicad_mod
  C:\workspace\embedded\CountingMachine\pcb\esp32_baseboard\libraries\ESP32_Carrier.pretty\R_1206_10R.kicad_mod
  C:\workspace\embedded\CountingMachine\pcb\esp32_baseboard\libraries\ESP32_Carrier.kicad_sym
  C:\workspace\embedded\CountingMachine\pcb\esp32_baseboard\esp32_baseboard.kicad_sch
  C:\workspace\embedded\CountingMachine\pcb\esp32_baseboard\esp32_baseboard.kicad_pcb
  C:\workspace\embedded\CountingMachine\pcb\esp32_baseboard\esp32_baseboard.kicad_pro
  C:\workspace\embedded\CountingMachine\pcb\esp32_baseboard\README.md
