Maze autoroute: 176 pads, 191 drill sites, no extra vias, grid board 225x132 mm @ origin (35.0,30.0)
  à routed 23/25 edges, failed 1
  à routed 37/50 edges, failed 12
  à routed 53/75 edges, failed 21
  à routed 76/100 edges, failed 23
  Rip-up retry for 23 nets (27 failed edges)à
  à rip-up 10/71, failed 7
  à rip-up 20/71, failed 17
  à rip-up 30/71, failed 20
  à rip-up 40/71, failed 21
  à rip-up 50/71, failed 22
  à rip-up 60/71, failed 24
  à rip-up 70/71, failed 25
Maze policy: no extra vias (pin bridges OK); free F/B; 96 edges routed, 25 failed
Maze result: 734 segments, 0 vias, 25 failed edges
  FAIL net 45 /DC3_IN2 (133.0, 102.22) -> (253.0, 134.0)
  FAIL net 50 /TFT_CS (107.6, 107.30000000000001) -> (65.0, 52.7)
  FAIL net 51 /TFT_DC (107.6, 76.82) -> (65.0, 55.24)
  FAIL net 52 /TFT_MISO (107.6, 79.36) -> (65.0, 50.16)
  FAIL net 53 /T_CS (107.6, 81.9) -> (65.0, 62.86)
  FAIL net 54 /BUZZER (107.6, 97.14) -> (113.0, 45.08)
  FAIL net 58 /TFT_RST (133.0, 86.97999999999999) -> (65.0, 57.78)
  FAIL net 59 /TFT_BL (107.6, 94.60000000000001) -> (65.0, 60.32)
  FAIL net 60 /ENC_B (107.6, 104.76) -> (95.0, 47.62)
  FAIL net 62 /ENC_A (133.0, 84.44) -> (95.0, 45.08)
  FAIL net 12 /MotA2 (209.38, 105.81) -> (47.0, 40.0)
  FAIL net 13 /MotA1 (209.38, 103.27) -> (47.0, 42.54)
  FAIL net 15 /MotB2 (209.38, 98.19) -> (47.0, 47.62)
  FAIL net 34 /MotDC1_A (233.0, 96.0) -> (53.0, 72.0)
  FAIL net 35 /MotDC1_B (233.0, 88.0) -> (53.0, 74.54)
  FAIL net 36 /MotDC2_A (233.0, 120.0) -> (107.0, 72.0)
  FAIL net 37 /MotDC2_B (233.0, 112.0) -> (107.0, 74.54)
  FAIL net 3 +5V (133.0, 69.2) -> (113.0, 40.0)
  FAIL net 3 +5V (79.0, 97.0) -> (133.0, 69.2)
  FAIL net 4 +3V3 (70.81, 125.3) -> (65.0, 42.54)
Service buses (clearance-aware B.Cu lanes)à
Service buses: 3 B.Cu segments
  buses: +3 segments
Repair open copper islands (clearance-aware)à
  repair net 1 +12V: 3 islands
  repair net 2 GND: 3 islands
  repair net 3 +5V: 3 islands
